[28/Sep/2026 13:43:32] "GET /api/health/ HTTP/1.1" 200 15
[28/Sep/2026 13:45:46] "GET /api/health/ HTTP/1.1" 200 15
[28/Sep/2026 13:46:13] "OPTIONS /api/auth/login/ HTTP/1.1" 200 0
C:\Users\user\Downloads\timeline-global-systems\backend\venv\Lib\site-packages\jwt\api_jwt.py:149: InsecureKeyLengthWarning: The HMAC key is 31 bytes long, which is below the minimum recommended length of 32 bytes for SHA256. See RFC 7518 Section 3.2.
  return self._jws.encode(
[28/Sep/2026 13:46:17] "POST /api/auth/login/ HTTP/1.1" 200 741
[28/Sep/2026 13:46:17] "OPTIONS /api/wishlist/ HTTP/1.1" 200 0
[28/Sep/2026 13:46:17] "OPTIONS /api/cart/ HTTP/1.1" 200 0
C:\Users\user\Downloads\timeline-global-systems\backend\venv\Lib\site-packages\jwt\api_jwt.py:370: InsecureKeyLengthWarning: The HMAC key is 31 bytes long, which is below the minimum recommended length of 32 bytes for SHA256. See RFC 7518 Section 3.2.
  decoded = self.decode_complete(
[28/Sep/2026 13:46:17] "OPTIONS /api/admin-api/stats/ HTTP/1.1" 200 0
[28/Sep/2026 13:46:19] "GET /api/wishlist/ HTTP/1.1" 200 39
C:\Users\user\Downloads\timeline-global-systems\backend\venv\Lib\site-packages\django\db\models\fields\__init__.py:1612: RuntimeWarning: DateTimeField Order.created_at received a naive datetime (2026-09-01 00:00:00) while time zone support is active.
  warnings.warn(
[28/Sep/2026 13:46:20] "GET /api/cart/ HTTP/1.1" 200 164
C:\Users\user\Downloads\timeline-global-systems\backend\venv\Lib\site-packages\django\db\models\fields\__init__.py:1612: RuntimeWarning: DateTimeField User.date_joined received a naive datetime (2026-09-01 00:00:00) while time zone support is active.
  warnings.warn(
[28/Sep/2026 13:46:28] "GET /api/admin-api/stats/ HTTP/1.1" 200 1542
Unauthorized: /api/admin-api/stats/
Unauthorized: /api/admin-api/stats/
[28/Sep/2026 13:47:40] "GET /api/admin-api/stats/ HTTP/1.1" 401 78
[28/Sep/2026 13:47:45] "POST /api/auth/refresh/ HTTP/1.1" 200 491
[28/Sep/2026 13:47:53] "GET /api/admin-api/stats/ HTTP/1.1" 200 1542
[28/Sep/2026 13:48:30] "OPTIONS /api/users/profile/ HTTP/1.1" 200 0
[28/Sep/2026 13:48:31] "GET /api/users/profile/ HTTP/1.1" 200 244
[28/Sep/2026 13:48:33] "GET /api/cart/ HTTP/1.1" 200 164
[28/Sep/2026 13:48:33] "GET /api/wishlist/ HTTP/1.1" 200 39
[28/Sep/2026 13:48:41] "GET /api/admin-api/stats/ HTTP/1.1" 200 1542
[28/Sep/2026 13:48:53] "GET /api/users/profile/ HTTP/1.1" 200 244
[28/Sep/2026 13:48:54] "OPTIONS /api/admin-api/categories/ HTTP/1.1" 200 0
[28/Sep/2026 13:48:54] "OPTIONS /api/admin-api/brands/ HTTP/1.1" 200 0
[28/Sep/2026 13:48:56] "GET /api/wishlist/ HTTP/1.1" 200 39
[28/Sep/2026 13:48:56] "GET /api/admin-api/brands/ HTTP/1.1" 200 1956
[28/Sep/2026 13:48:56] "GET /api/admin-api/categories/ HTTP/1.1" 200 2500
[28/Sep/2026 13:48:57] "GET /api/cart/ HTTP/1.1" 200 164
Internal Server Error: /api/admin-api/orders/
Traceback (most recent call last):
  File "C:\Users\user\Downloads\timeline-global-systems\backend\venv\Lib\site-packages\django\core\handlers\exception.py", line 55, in inner
    response = get_response(request)
  File "C:\Users\user\Downloads\timeline-global-systems\backend\venv\Lib\site-packages\django\core\handlers\base.py", line 197, in _get_response
    response = wrapped_callback(request, *callback_args, **callback_kwargs)
  File "C:\Users\user\Downloads\timeline-global-systems\backend\venv\Lib\site-packages\django\views\decorators\csrf.py", line 65, in _view_wrapper
    return view_func(request, *args, **kwargs)
  File "C:\Users\user\Downloads\timeline-global-systems\backend\venv\Lib\site-packages\rest_framework\viewsets.py", line 125, in view
    return self.dispatch(request, *args, **kwargs)
           ~~~~~~~~~~~~~^^^^^^^^^^^^^^^^^^^^^^^^^^
  File "C:\Users\user\Downloads\timeline-global-systems\backend\venv\Lib\site-packages\rest_framework\views.py", line 515, in dispatch
    response = self.handle_exception(exc)
  File "C:\Users\user\Downloads\timeline-global-systems\backend\venv\Lib\site-packages\rest_framework\views.py", line 475, in handle_exception
    self.raise_uncaught_exception(exc)
    ~~~~~~~~~~~~~~~~~~~~~~~~~~~~~^^^^^
  File "C:\Users\user\Downloads\timeline-global-systems\backend\venv\Lib\site-packages\rest_framework\views.py", line 486, in raise_uncaught_exception
    raise exc
  File "C:\Users\user\Downloads\timeline-global-systems\backend\venv\Lib\site-packages\rest_framework\views.py", line 512, in dispatch
    response = handler(request, *args, **kwargs)
  File "C:\Users\user\Downloads\timeline-global-systems\backend\venv\Lib\site-packages\rest_framework\mixins.py", line 38, in list
    queryset = self.filter_queryset(self.get_queryset())
  File "C:\Users\user\Downloads\timeline-global-systems\backend\venv\Lib\site-packages\rest_framework\generics.py", line 154, in filter_queryset
    queryset = backend().filter_queryset(self.request, queryset, self)
  File "C:\Users\user\Downloads\timeline-global-systems\backend\venv\Lib\site-packages\django_filters\rest_framework\backends.py", line 66, in filter_queryset
    filterset = self.get_filterset(request, queryset, view)
  File "C:\Users\user\Downloads\timeline-global-systems\backend\venv\Lib\site-packages\django_filters\rest_framework\backends.py", line 18, in get_filterset
    filterset_class = self.get_filterset_class(view, queryset)
  File "C:\Users\user\Downloads\timeline-global-systems\backend\venv\Lib\site-packages\django_filters\rest_framework\backends.py", line 49, in get_filterset_class
    class AutoFilterSet(self.filterset_base):
    ...<2 lines>...
            fields = filterset_fields
  File "C:\Users\user\Downloads\timeline-global-systems\backend\venv\Lib\site-packages\django_filters\filterset.py", line 82, in __new__
    new_class.base_filters = new_class.get_filters()
                             ~~~~~~~~~~~~~~~~~~~~~^^
  File "C:\Users\user\Downloads\timeline-global-systems\backend\venv\Lib\site-packages\django_filters\filterset.py", line 371, in get_filters
    raise TypeError(
    ...<2 lines>...
    )
TypeError: 'Meta.fields' must not contain non-model field names: is_refunded
Internal Server Error: /api/admin-api/orders/
Traceback (most recent call last):
  File "C:\Users\user\Downloads\timeline-global-systems\backend\venv\Lib\site-packages\django\core\handlers\exception.py", line 55, in inner
    response = get_response(request)
  File "C:\Users\user\Downloads\timeline-global-systems\backend\venv\Lib\site-packages\django\core\handlers\base.py", line 197, in _get_response
    response = wrapped_callback(request, *callback_args, **callback_kwargs)
  File "C:\Users\user\Downloads\timeline-global-systems\backend\venv\Lib\site-packages\django\views\decorators\csrf.py", line 65, in _view_wrapper
    return view_func(request, *args, **kwargs)
  File "C:\Users\user\Downloads\timeline-global-systems\backend\venv\Lib\site-packages\rest_framework\viewsets.py", line 125, in view
    return self.dispatch(request, *args, **kwargs)
           ~~~~~~~~~~~~~^^^^^^^^^^^^^^^^^^^^^^^^^^
  File "C:\Users\user\Downloads\timeline-global-systems\backend\venv\Lib\site-packages\rest_framework\views.py", line 515, in dispatch
    response = self.handle_exception(exc)
  File "C:\Users\user\Downloads\timeline-global-systems\backend\venv\Lib\site-packages\rest_framework\views.py", line 475, in handle_exception
    self.raise_uncaught_exception(exc)
    ~~~~~~~~~~~~~~~~~~~~~~~~~~~~~^^^^^
  File "C:\Users\user\Downloads\timeline-global-systems\backend\venv\Lib\site-packages\rest_framework\views.py", line 486, in raise_uncaught_exception
    raise exc
  File "C:\Users\user\Downloads\timeline-global-systems\backend\venv\Lib\site-packages\rest_framework\views.py", line 512, in dispatch
    response = handler(request, *args, **kwargs)
  File "C:\Users\user\Downloads\timeline-global-systems\backend\venv\Lib\site-packages\rest_framework\mixins.py", line 38, in list
    queryset = self.filter_queryset(self.get_queryset())
  File "C:\Users\user\Downloads\timeline-global-systems\backend\venv\Lib\site-packages\rest_framework\generics.py", line 154, in filter_queryset
    queryset = backend().filter_queryset(self.request, queryset, self)
  File "C:\Users\user\Downloads\timeline-global-systems\backend\venv\Lib\site-packages\django_filters\rest_framework\backends.py", line 66, in filter_queryset
    filterset = self.get_filterset(request, queryset, view)
  File "C:\Users\user\Downloads\timeline-global-systems\backend\venv\Lib\site-packages\django_filters\rest_framework\backends.py", line 18, in get_filterset
    filterset_class = self.get_filterset_class(view, queryset)
  File "C:\Users\user\Downloads\timeline-global-systems\backend\venv\Lib\site-packages\django_filters\rest_framework\backends.py", line 49, in get_filterset_class
    class AutoFilterSet(self.filterset_base):
    ...<2 lines>...
            fields = filterset_fields
  File "C:\Users\user\Downloads\timeline-global-systems\backend\venv\Lib\site-packages\django_filters\filterset.py", line 82, in __new__
    new_class.base_filters = new_class.get_filters()
                             ~~~~~~~~~~~~~~~~~~~~~^^
  File "C:\Users\user\Downloads\timeline-global-systems\backend\venv\Lib\site-packages\django_filters\filterset.py", line 371, in get_filters
    raise TypeError(
    ...<2 lines>...
    )
TypeError: 'Meta.fields' must not contain non-model field names: is_refunded
[28/Sep/2026 13:49:38,870] - Broken pipe from ('127.0.0.1', 54093)
[28/Sep/2026 13:49:41] "GET /api/users/profile/ HTTP/1.1" 200 271
[28/Sep/2026 13:49:43] "GET /api/users/profile/ HTTP/1.1" 200 271
[28/Sep/2026 13:49:45] "GET /api/wishlist/ HTTP/1.1" 200 39
[28/Sep/2026 13:49:46] "GET /api/cart/ HTTP/1.1" 200 164
[28/Sep/2026 13:49:46] "GET /api/store-info/ HTTP/1.1" 200 1328
[28/Sep/2026 13:49:48] "GET /api/categories/?root=true HTTP/1.1" 200 1681
[28/Sep/2026 13:49:48] "GET /api/cart/ HTTP/1.1" 200 164
Internal Server Error: /api/admin-api/orders/
Traceback (most recent call last):
  File "C:\Users\user\Downloads\timeline-global-systems\backend\venv\Lib\site-packages\django\core\handlers\exception.py", line 55, in inner
    response = get_response(request)
  File "C:\Users\user\Downloads\timeline-global-systems\backend\venv\Lib\site-packages\django\core\handlers\base.py", line 197, in _get_response
    response = wrapped_callback(request, *callback_args, **callback_kwargs)
  File "C:\Users\user\Downloads\timeline-global-systems\backend\venv\Lib\site-packages\django\views\decorators\csrf.py", line 65, in _view_wrapper
    return view_func(request, *args, **kwargs)
  File "C:\Users\user\Downloads\timeline-global-systems\backend\venv\Lib\site-packages\rest_framework\viewsets.py", line 125, in view
    return self.dispatch(request, *args, **kwargs)
           ~~~~~~~~~~~~~^^^^^^^^^^^^^^^^^^^^^^^^^^
  File "C:\Users\user\Downloads\timeline-global-systems\backend\venv\Lib\site-packages\rest_framework\views.py", line 515, in dispatch
    response = self.handle_exception(exc)
  File "C:\Users\user\Downloads\timeline-global-systems\backend\venv\Lib\site-packages\rest_framework\views.py", line 475, in handle_exception
    self.raise_uncaught_exception(exc)
    ~~~~~~~~~~~~~~~~~~~~~~~~~~~~~^^^^^
  File "C:\Users\user\Downloads\timeline-global-systems\backend\venv\Lib\site-packages\rest_framework\views.py", line 486, in raise_uncaught_exception
    raise exc
  File "C:\Users\user\Downloads\timeline-global-systems\backend\venv\Lib\site-packages\rest_framework\views.py", line 512, in dispatch
    response = handler(request, *args, **kwargs)
  File "C:\Users\user\Downloads\timeline-global-systems\backend\venv\Lib\site-packages\rest_framework\mixins.py", line 38, in list
    queryset = self.filter_queryset(self.get_queryset())
  File "C:\Users\user\Downloads\timeline-global-systems\backend\venv\Lib\site-packages\rest_framework\generics.py", line 154, in filter_queryset
    queryset = backend().filter_queryset(self.request, queryset, self)
  File "C:\Users\user\Downloads\timeline-global-systems\backend\venv\Lib\site-packages\django_filters\rest_framework\backends.py", line 66, in filter_queryset
    filterset = self.get_filterset(request, queryset, view)
  File "C:\Users\user\Downloads\timeline-global-systems\backend\venv\Lib\site-packages\django_filters\rest_framework\backends.py", line 18, in get_filterset
    filterset_class = self.get_filterset_class(view, queryset)
  File "C:\Users\user\Downloads\timeline-global-systems\backend\venv\Lib\site-packages\django_filters\rest_framework\backends.py", line 49, in get_filterset_class
    class AutoFilterSet(self.filterset_base):
    ...<2 lines>...
            fields = filterset_fields
  File "C:\Users\user\Downloads\timeline-global-systems\backend\venv\Lib\site-packages\django_filters\filterset.py", line 82, in __new__
    new_class.base_filters = new_class.get_filters()
                             ~~~~~~~~~~~~~~~~~~~~~^^
  File "C:\Users\user\Downloads\timeline-global-systems\backend\venv\Lib\site-packages\django_filters\filterset.py", line 371, in get_filters
    raise TypeError(
    ...<2 lines>...
    )
TypeError: 'Meta.fields' must not contain non-model field names: is_refunded
Internal Server Error: /api/admin-api/orders/
Traceback (most recent call last):
  File "C:\Users\user\Downloads\timeline-global-systems\backend\venv\Lib\site-packages\django\core\handlers\exception.py", line 55, in inner
    response = get_response(request)
  File "C:\Users\user\Downloads\timeline-global-systems\backend\venv\Lib\site-packages\django\core\handlers\base.py", line 197, in _get_response
    response = wrapped_callback(request, *callback_args, **callback_kwargs)
  File "C:\Users\user\Downloads\timeline-global-systems\backend\venv\Lib\site-packages\django\views\decorators\csrf.py", line 65, in _view_wrapper
    return view_func(request, *args, **kwargs)
  File "C:\Users\user\Downloads\timeline-global-systems\backend\venv\Lib\site-packages\rest_framework\viewsets.py", line 125, in view
    return self.dispatch(request, *args, **kwargs)
           ~~~~~~~~~~~~~^^^^^^^^^^^^^^^^^^^^^^^^^^
  File "C:\Users\user\Downloads\timeline-global-systems\backend\venv\Lib\site-packages\rest_framework\views.py", line 515, in dispatch
    response = self.handle_exception(exc)
  File "C:\Users\user\Downloads\timeline-global-systems\backend\venv\Lib\site-packages\rest_framework\views.py", line 475, in handle_exception
    self.raise_uncaught_exception(exc)
    ~~~~~~~~~~~~~~~~~~~~~~~~~~~~~^^^^^
  File "C:\Users\user\Downloads\timeline-global-systems\backend\venv\Lib\site-packages\rest_framework\views.py", line 486, in raise_uncaught_exception
    raise exc
  File "C:\Users\user\Downloads\timeline-global-systems\backend\venv\Lib\site-packages\rest_framework\views.py", line 512, in dispatch
    response = handler(request, *args, **kwargs)
  File "C:\Users\user\Downloads\timeline-global-systems\backend\venv\Lib\site-packages\rest_framework\mixins.py", line 38, in list
    queryset = self.filter_queryset(self.get_queryset())
  File "C:\Users\user\Downloads\timeline-global-systems\backend\venv\Lib\site-packages\rest_framework\generics.py", line 154, in filter_queryset
    queryset = backend().filter_queryset(self.request, queryset, self)
  File "C:\Users\user\Downloads\timeline-global-systems\backend\venv\Lib\site-packages\django_filters\rest_framework\backends.py", line 66, in filter_queryset
    filterset = self.get_filterset(request, queryset, view)
  File "C:\Users\user\Downloads\timeline-global-systems\backend\venv\Lib\site-packages\django_filters\rest_framework\backends.py", line 18, in get_filterset
    filterset_class = self.get_filterset_class(view, queryset)
  File "C:\Users\user\Downloads\timeline-global-systems\backend\venv\Lib\site-packages\django_filters\rest_framework\backends.py", line 49, in get_filterset_class
    class AutoFilterSet(self.filterset_base):
    ...<2 lines>...
            fields = filterset_fields
  File "C:\Users\user\Downloads\timeline-global-systems\backend\venv\Lib\site-packages\django_filters\filterset.py", line 82, in __new__
    new_class.base_filters = new_class.get_filters()
                             ~~~~~~~~~~~~~~~~~~~~~^^
  File "C:\Users\user\Downloads\timeline-global-systems\backend\venv\Lib\site-packages\django_filters\filterset.py", line 371, in get_filters
    raise TypeError(
    ...<2 lines>...
    )
TypeError: 'Meta.fields' must not contain non-model field names: is_refunded
[28/Sep/2026 13:49:49] "GET /api/admin-api/orders/?page=1&page_size=25 HTTP/1.1" 500 144268
[28/Sep/2026 13:49:52] "OPTIONS /api/admin-api/products/?page=1&page_size=25&is_active=true HTTP/1.1" 200 0
[28/Sep/2026 13:49:52] "OPTIONS /api/admin-api/categories/ HTTP/1.1" 200 0
[28/Sep/2026 13:49:54] "GET /api/admin-api/categories/ HTTP/1.1" 200 2500
[28/Sep/2026 13:49:55] "GET /api/admin-api/products/?page=1&page_size=25&is_active=true HTTP/1.1" 200 745
Internal Server Error: /api/admin-api/orders/
Traceback (most recent call last):
  File "C:\Users\user\Downloads\timeline-global-systems\backend\venv\Lib\site-packages\django\core\handlers\exception.py", line 55, in inner
    response = get_response(request)
  File "C:\Users\user\Downloads\timeline-global-systems\backend\venv\Lib\site-packages\django\core\handlers\base.py", line 197, in _get_response
    response = wrapped_callback(request, *callback_args, **callback_kwargs)
  File "C:\Users\user\Downloads\timeline-global-systems\backend\venv\Lib\site-packages\django\views\decorators\csrf.py", line 65, in _view_wrapper
    return view_func(request, *args, **kwargs)
  File "C:\Users\user\Downloads\timeline-global-systems\backend\venv\Lib\site-packages\rest_framework\viewsets.py", line 125, in view
    return self.dispatch(request, *args, **kwargs)
           ~~~~~~~~~~~~~^^^^^^^^^^^^^^^^^^^^^^^^^^
  File "C:\Users\user\Downloads\timeline-global-systems\backend\venv\Lib\site-packages\rest_framework\views.py", line 515, in dispatch
    response = self.handle_exception(exc)
  File "C:\Users\user\Downloads\timeline-global-systems\backend\venv\Lib\site-packages\rest_framework\views.py", line 475, in handle_exception
    self.raise_uncaught_exception(exc)
    ~~~~~~~~~~~~~~~~~~~~~~~~~~~~~^^^^^
  File "C:\Users\user\Downloads\timeline-global-systems\backend\venv\Lib\site-packages\rest_framework\views.py", line 486, in raise_uncaught_exception
    raise exc
  File "C:\Users\user\Downloads\timeline-global-systems\backend\venv\Lib\site-packages\rest_framework\views.py", line 512, in dispatch
    response = handler(request, *args, **kwargs)
  File "C:\Users\user\Downloads\timeline-global-systems\backend\venv\Lib\site-packages\rest_framework\mixins.py", line 38, in list
    queryset = self.filter_queryset(self.get_queryset())
  File "C:\Users\user\Downloads\timeline-global-systems\backend\venv\Lib\site-packages\rest_framework\generics.py", line 154, in filter_queryset
    queryset = backend().filter_queryset(self.request, queryset, self)
  File "C:\Users\user\Downloads\timeline-global-systems\backend\venv\Lib\site-packages\django_filters\rest_framework\backends.py", line 66, in filter_queryset
    filterset = self.get_filterset(request, queryset, view)
  File "C:\Users\user\Downloads\timeline-global-systems\backend\venv\Lib\site-packages\django_filters\rest_framework\backends.py", line 18, in get_filterset
    filterset_class = self.get_filterset_class(view, queryset)
  File "C:\Users\user\Downloads\timeline-global-systems\backend\venv\Lib\site-packages\django_filters\rest_framework\backends.py", line 49, in get_filterset_class
    class AutoFilterSet(self.filterset_base):
    ...<2 lines>...
            fields = filterset_fields
  File "C:\Users\user\Downloads\timeline-global-systems\backend\venv\Lib\site-packages\django_filters\filterset.py", line 82, in __new__
    new_class.base_filters = new_class.get_filters()
                             ~~~~~~~~~~~~~~~~~~~~~^^
  File "C:\Users\user\Downloads\timeline-global-systems\backend\venv\Lib\site-packages\django_filters\filterset.py", line 371, in get_filters
    raise TypeError(
    ...<2 lines>...
    )
TypeError: 'Meta.fields' must not contain non-model field names: is_refunded
Internal Server Error: /api/admin-api/orders/
Traceback (most recent call last):
  File "C:\Users\user\Downloads\timeline-global-systems\backend\venv\Lib\site-packages\django\core\handlers\exception.py", line 55, in inner
    response = get_response(request)
  File "C:\Users\user\Downloads\timeline-global-systems\backend\venv\Lib\site-packages\django\core\handlers\base.py", line 197, in _get_response
    response = wrapped_callback(request, *callback_args, **callback_kwargs)
  File "C:\Users\user\Downloads\timeline-global-systems\backend\venv\Lib\site-packages\django\views\decorators\csrf.py", line 65, in _view_wrapper
    return view_func(request, *args, **kwargs)
  File "C:\Users\user\Downloads\timeline-global-systems\backend\venv\Lib\site-packages\rest_framework\viewsets.py", line 125, in view
    return self.dispatch(request, *args, **kwargs)
           ~~~~~~~~~~~~~^^^^^^^^^^^^^^^^^^^^^^^^^^
  File "C:\Users\user\Downloads\timeline-global-systems\backend\venv\Lib\site-packages\rest_framework\views.py", line 515, in dispatch
    response = self.handle_exception(exc)
  File "C:\Users\user\Downloads\timeline-global-systems\backend\venv\Lib\site-packages\rest_framework\views.py", line 475, in handle_exception
    self.raise_uncaught_exception(exc)
    ~~~~~~~~~~~~~~~~~~~~~~~~~~~~~^^^^^
  File "C:\Users\user\Downloads\timeline-global-systems\backend\venv\Lib\site-packages\rest_framework\views.py", line 486, in raise_uncaught_exception
    raise exc
  File "C:\Users\user\Downloads\timeline-global-systems\backend\venv\Lib\site-packages\rest_framework\views.py", line 512, in dispatch
    response = handler(request, *args, **kwargs)
  File "C:\Users\user\Downloads\timeline-global-systems\backend\venv\Lib\site-packages\rest_framework\mixins.py", line 38, in list
    queryset = self.filter_queryset(self.get_queryset())
  File "C:\Users\user\Downloads\timeline-global-systems\backend\venv\Lib\site-packages\rest_framework\generics.py", line 154, in filter_queryset
    queryset = backend().filter_queryset(self.request, queryset, self)
  File "C:\Users\user\Downloads\timeline-global-systems\backend\venv\Lib\site-packages\django_filters\rest_framework\backends.py", line 66, in filter_queryset
    filterset = self.get_filterset(request, queryset, view)
  File "C:\Users\user\Downloads\timeline-global-systems\backend\venv\Lib\site-packages\django_filters\rest_framework\backends.py", line 18, in get_filterset
    filterset_class = self.get_filterset_class(view, queryset)
  File "C:\Users\user\Downloads\timeline-global-systems\backend\venv\Lib\site-packages\django_filters\rest_framework\backends.py", line 49, in get_filterset_class
    class AutoFilterSet(self.filterset_base):
    ...<2 lines>...
            fields = filterset_fields
  File "C:\Users\user\Downloads\timeline-global-systems\backend\venv\Lib\site-packages\django_filters\filterset.py", line 82, in __new__
    new_class.base_filters = new_class.get_filters()
                             ~~~~~~~~~~~~~~~~~~~~~^^
  File "C:\Users\user\Downloads\timeline-global-systems\backend\venv\Lib\site-packages\django_filters\filterset.py", line 371, in get_filters
    raise TypeError(
    ...<2 lines>...
    )
TypeError: 'Meta.fields' must not contain non-model field names: is_refunded
[28/Sep/2026 13:49:57] "GET /api/admin-api/orders/?page=1&page_size=25 HTTP/1.1" 500 144268
[28/Sep/2026 13:50:02] "OPTIONS /api/admin-api/products/73/ HTTP/1.1" 200 0
[28/Sep/2026 13:50:02] "OPTIONS /api/admin-api/brands/ HTTP/1.1" 200 0
[28/Sep/2026 13:50:05] "GET /api/admin-api/brands/ HTTP/1.1" 200 1956
[28/Sep/2026 13:50:05] "GET /api/admin-api/products/73/ HTTP/1.1" 200 760
[28/Sep/2026 13:50:26] "OPTIONS /api/admin-api/messages/?is_resolved=false&page=1&page_size=20 HTTP/1.1" 200 0
[28/Sep/2026 13:50:28] "GET /api/admin-api/messages/?is_resolved=false&page=1&page_size=20 HTTP/1.1" 200 100
[28/Sep/2026 13:50:31] "OPTIONS /api/admin-api/customers/?page=1&page_size=25 HTTP/1.1" 200 0
[28/Sep/2026 13:50:33] "GET /api/admin-api/customers/?page=1&page_size=25 HTTP/1.1" 200 386
[28/Sep/2026 13:50:38] "OPTIONS /api/admin-api/customers/12/ HTTP/1.1" 200 0
[28/Sep/2026 13:50:40] "GET /api/admin-api/customers/12/ HTTP/1.1" 200 366
[28/Sep/2026 13:50:51] "OPTIONS /api/admin-api/orders/?page=1&page_size=25&status=processing HTTP/1.1" 200 0
Internal Server Error: /api/admin-api/orders/
Traceback (most recent call last):
  File "C:\Users\user\Downloads\timeline-global-systems\backend\venv\Lib\site-packages\django\core\handlers\exception.py", line 55, in inner
    response = get_response(request)
  File "C:\Users\user\Downloads\timeline-global-systems\backend\venv\Lib\site-packages\django\core\handlers\base.py", line 197, in _get_response
    response = wrapped_callback(request, *callback_args, **callback_kwargs)
  File "C:\Users\user\Downloads\timeline-global-systems\backend\venv\Lib\site-packages\django\views\decorators\csrf.py", line 65, in _view_wrapper
    return view_func(request, *args, **kwargs)
  File "C:\Users\user\Downloads\timeline-global-systems\backend\venv\Lib\site-packages\rest_framework\viewsets.py", line 125, in view
    return self.dispatch(request, *args, **kwargs)
           ~~~~~~~~~~~~~^^^^^^^^^^^^^^^^^^^^^^^^^^
  File "C:\Users\user\Downloads\timeline-global-systems\backend\venv\Lib\site-packages\rest_framework\views.py", line 515, in dispatch
    response = self.handle_exception(exc)
  File "C:\Users\user\Downloads\timeline-global-systems\backend\venv\Lib\site-packages\rest_framework\views.py", line 475, in handle_exception
    self.raise_uncaught_exception(exc)
    ~~~~~~~~~~~~~~~~~~~~~~~~~~~~~^^^^^
  File "C:\Users\user\Downloads\timeline-global-systems\backend\venv\Lib\site-packages\rest_framework\views.py", line 486, in raise_uncaught_exception
    raise exc
  File "C:\Users\user\Downloads\timeline-global-systems\backend\venv\Lib\site-packages\rest_framework\views.py", line 512, in dispatch
    response = handler(request, *args, **kwargs)
  File "C:\Users\user\Downloads\timeline-global-systems\backend\venv\Lib\site-packages\rest_framework\mixins.py", line 38, in list
    queryset = self.filter_queryset(self.get_queryset())
  File "C:\Users\user\Downloads\timeline-global-systems\backend\venv\Lib\site-packages\rest_framework\generics.py", line 154, in filter_queryset
    queryset = backend().filter_queryset(self.request, queryset, self)
  File "C:\Users\user\Downloads\timeline-global-systems\backend\venv\Lib\site-packages\django_filters\rest_framework\backends.py", line 66, in filter_queryset
    filterset = self.get_filterset(request, queryset, view)
  File "C:\Users\user\Downloads\timeline-global-systems\backend\venv\Lib\site-packages\django_filters\rest_framework\backends.py", line 18, in get_filterset
    filterset_class = self.get_filterset_class(view, queryset)
  File "C:\Users\user\Downloads\timeline-global-systems\backend\venv\Lib\site-packages\django_filters\rest_framework\backends.py", line 49, in get_filterset_class
    class AutoFilterSet(self.filterset_base):
    ...<2 lines>...
            fields = filterset_fields
  File "C:\Users\user\Downloads\timeline-global-systems\backend\venv\Lib\site-packages\django_filters\filterset.py", line 82, in __new__
    new_class.base_filters = new_class.get_filters()
                             ~~~~~~~~~~~~~~~~~~~~~^^
  File "C:\Users\user\Downloads\timeline-global-systems\backend\venv\Lib\site-packages\django_filters\filterset.py", line 371, in get_filters
    raise TypeError(
    ...<2 lines>...
    )
TypeError: 'Meta.fields' must not contain non-model field names: is_refunded
Internal Server Error: /api/admin-api/orders/
Traceback (most recent call last):
  File "C:\Users\user\Downloads\timeline-global-systems\backend\venv\Lib\site-packages\django\core\handlers\exception.py", line 55, in inner
    response = get_response(request)
  File "C:\Users\user\Downloads\timeline-global-systems\backend\venv\Lib\site-packages\django\core\handlers\base.py", line 197, in _get_response
    response = wrapped_callback(request, *callback_args, **callback_kwargs)
  File "C:\Users\user\Downloads\timeline-global-systems\backend\venv\Lib\site-packages\django\views\decorators\csrf.py", line 65, in _view_wrapper
    return view_func(request, *args, **kwargs)
  File "C:\Users\user\Downloads\timeline-global-systems\backend\venv\Lib\site-packages\rest_framework\viewsets.py", line 125, in view
    return self.dispatch(request, *args, **kwargs)
           ~~~~~~~~~~~~~^^^^^^^^^^^^^^^^^^^^^^^^^^
  File "C:\Users\user\Downloads\timeline-global-systems\backend\venv\Lib\site-packages\rest_framework\views.py", line 515, in dispatch
    response = self.handle_exception(exc)
  File "C:\Users\user\Downloads\timeline-global-systems\backend\venv\Lib\site-packages\rest_framework\views.py", line 475, in handle_exception
    self.raise_uncaught_exception(exc)
    ~~~~~~~~~~~~~~~~~~~~~~~~~~~~~^^^^^
  File "C:\Users\user\Downloads\timeline-global-systems\backend\venv\Lib\site-packages\rest_framework\views.py", line 486, in raise_uncaught_exception
    raise exc
  File "C:\Users\user\Downloads\timeline-global-systems\backend\venv\Lib\site-packages\rest_framework\views.py", line 512, in dispatch
    response = handler(request, *args, **kwargs)
  File "C:\Users\user\Downloads\timeline-global-systems\backend\venv\Lib\site-packages\rest_framework\mixins.py", line 38, in list
    queryset = self.filter_queryset(self.get_queryset())
  File "C:\Users\user\Downloads\timeline-global-systems\backend\venv\Lib\site-packages\rest_framework\generics.py", line 154, in filter_queryset
    queryset = backend().filter_queryset(self.request, queryset, self)
  File "C:\Users\user\Downloads\timeline-global-systems\backend\venv\Lib\site-packages\django_filters\rest_framework\backends.py", line 66, in filter_queryset
    filterset = self.get_filterset(request, queryset, view)
  File "C:\Users\user\Downloads\timeline-global-systems\backend\venv\Lib\site-packages\django_filters\rest_framework\backends.py", line 18, in get_filterset
    filterset_class = self.get_filterset_class(view, queryset)
  File "C:\Users\user\Downloads\timeline-global-systems\backend\venv\Lib\site-packages\django_filters\rest_framework\backends.py", line 49, in get_filterset_class
    class AutoFilterSet(self.filterset_base):
    ...<2 lines>...
            fields = filterset_fields
  File "C:\Users\user\Downloads\timeline-global-systems\backend\venv\Lib\site-packages\django_filters\filterset.py", line 82, in __new__
    new_class.base_filters = new_class.get_filters()
                             ~~~~~~~~~~~~~~~~~~~~~^^
  File "C:\Users\user\Downloads\timeline-global-systems\backend\venv\Lib\site-packages\django_filters\filterset.py", line 371, in get_filters
    raise TypeError(
    ...<2 lines>...
    )
TypeError: 'Meta.fields' must not contain non-model field names: is_refunded
[28/Sep/2026 13:50:59] "GET /api/admin-api/orders/?page=1&page_size=25&status=processing HTTP/1.1" 500 144712
Internal Server Error: /api/admin-api/orders/
Traceback (most recent call last):
  File "C:\Users\user\Downloads\timeline-global-systems\backend\venv\Lib\site-packages\django\core\handlers\exception.py", line 55, in inner
    response = get_response(request)
  File "C:\Users\user\Downloads\timeline-global-systems\backend\venv\Lib\site-packages\django\core\handlers\base.py", line 197, in _get_response
    response = wrapped_callback(request, *callback_args, **callback_kwargs)
  File "C:\Users\user\Downloads\timeline-global-systems\backend\venv\Lib\site-packages\django\views\decorators\csrf.py", line 65, in _view_wrapper
    return view_func(request, *args, **kwargs)
  File "C:\Users\user\Downloads\timeline-global-systems\backend\venv\Lib\site-packages\rest_framework\viewsets.py", line 125, in view
    return self.dispatch(request, *args, **kwargs)
           ~~~~~~~~~~~~~^^^^^^^^^^^^^^^^^^^^^^^^^^
  File "C:\Users\user\Downloads\timeline-global-systems\backend\venv\Lib\site-packages\rest_framework\views.py", line 515, in dispatch
    response = self.handle_exception(exc)
  File "C:\Users\user\Downloads\timeline-global-systems\backend\venv\Lib\site-packages\rest_framework\views.py", line 475, in handle_exception
    self.raise_uncaught_exception(exc)
    ~~~~~~~~~~~~~~~~~~~~~~~~~~~~~^^^^^
  File "C:\Users\user\Downloads\timeline-global-systems\backend\venv\Lib\site-packages\rest_framework\views.py", line 486, in raise_uncaught_exception
    raise exc
  File "C:\Users\user\Downloads\timeline-global-systems\backend\venv\Lib\site-packages\rest_framework\views.py", line 512, in dispatch
    response = handler(request, *args, **kwargs)
  File "C:\Users\user\Downloads\timeline-global-systems\backend\venv\Lib\site-packages\rest_framework\mixins.py", line 38, in list
    queryset = self.filter_queryset(self.get_queryset())
  File "C:\Users\user\Downloads\timeline-global-systems\backend\venv\Lib\site-packages\rest_framework\generics.py", line 154, in filter_queryset
    queryset = backend().filter_queryset(self.request, queryset, self)
  File "C:\Users\user\Downloads\timeline-global-systems\backend\venv\Lib\site-packages\django_filters\rest_framework\backends.py", line 66, in filter_queryset
    filterset = self.get_filterset(request, queryset, view)
  File "C:\Users\user\Downloads\timeline-global-systems\backend\venv\Lib\site-packages\django_filters\rest_framework\backends.py", line 18, in get_filterset
    filterset_class = self.get_filterset_class(view, queryset)
  File "C:\Users\user\Downloads\timeline-global-systems\backend\venv\Lib\site-packages\django_filters\rest_framework\backends.py", line 49, in get_filterset_class
    class AutoFilterSet(self.filterset_base):
    ...<2 lines>...
            fields = filterset_fields
  File "C:\Users\user\Downloads\timeline-global-systems\backend\venv\Lib\site-packages\django_filters\filterset.py", line 82, in __new__
    new_class.base_filters = new_class.get_filters()
                             ~~~~~~~~~~~~~~~~~~~~~^^
  File "C:\Users\user\Downloads\timeline-global-systems\backend\venv\Lib\site-packages\django_filters\filterset.py", line 371, in get_filters
    raise TypeError(
    ...<2 lines>...
    )
TypeError: 'Meta.fields' must not contain non-model field names: is_refunded
Internal Server Error: /api/admin-api/orders/
Traceback (most recent call last):
  File "C:\Users\user\Downloads\timeline-global-systems\backend\venv\Lib\site-packages\django\core\handlers\exception.py", line 55, in inner
    response = get_response(request)
  File "C:\Users\user\Downloads\timeline-global-systems\backend\venv\Lib\site-packages\django\core\handlers\base.py", line 197, in _get_response
    response = wrapped_callback(request, *callback_args, **callback_kwargs)
  File "C:\Users\user\Downloads\timeline-global-systems\backend\venv\Lib\site-packages\django\views\decorators\csrf.py", line 65, in _view_wrapper
    return view_func(request, *args, **kwargs)
  File "C:\Users\user\Downloads\timeline-global-systems\backend\venv\Lib\site-packages\rest_framework\viewsets.py", line 125, in view
    return self.dispatch(request, *args, **kwargs)
           ~~~~~~~~~~~~~^^^^^^^^^^^^^^^^^^^^^^^^^^
  File "C:\Users\user\Downloads\timeline-global-systems\backend\venv\Lib\site-packages\rest_framework\views.py", line 515, in dispatch
    response = self.handle_exception(exc)
  File "C:\Users\user\Downloads\timeline-global-systems\backend\venv\Lib\site-packages\rest_framework\views.py", line 475, in handle_exception
    self.raise_uncaught_exception(exc)
    ~~~~~~~~~~~~~~~~~~~~~~~~~~~~~^^^^^
  File "C:\Users\user\Downloads\timeline-global-systems\backend\venv\Lib\site-packages\rest_framework\views.py", line 486, in raise_uncaught_exception
    raise exc
  File "C:\Users\user\Downloads\timeline-global-systems\backend\venv\Lib\site-packages\rest_framework\views.py", line 512, in dispatch
    response = handler(request, *args, **kwargs)
  File "C:\Users\user\Downloads\timeline-global-systems\backend\venv\Lib\site-packages\rest_framework\mixins.py", line 38, in list
    queryset = self.filter_queryset(self.get_queryset())
  File "C:\Users\user\Downloads\timeline-global-systems\backend\venv\Lib\site-packages\rest_framework\generics.py", line 154, in filter_queryset
    queryset = backend().filter_queryset(self.request, queryset, self)
  File "C:\Users\user\Downloads\timeline-global-systems\backend\venv\Lib\site-packages\django_filters\rest_framework\backends.py", line 66, in filter_queryset
    filterset = self.get_filterset(request, queryset, view)
  File "C:\Users\user\Downloads\timeline-global-systems\backend\venv\Lib\site-packages\django_filters\rest_framework\backends.py", line 18, in get_filterset
    filterset_class = self.get_filterset_class(view, queryset)
  File "C:\Users\user\Downloads\timeline-global-systems\backend\venv\Lib\site-packages\django_filters\rest_framework\backends.py", line 49, in get_filterset_class
    class AutoFilterSet(self.filterset_base):
    ...<2 lines>...
            fields = filterset_fields
  File "C:\Users\user\Downloads\timeline-global-systems\backend\venv\Lib\site-packages\django_filters\filterset.py", line 82, in __new__
    new_class.base_filters = new_class.get_filters()
                             ~~~~~~~~~~~~~~~~~~~~~^^
  File "C:\Users\user\Downloads\timeline-global-systems\backend\venv\Lib\site-packages\django_filters\filterset.py", line 371, in get_filters
    raise TypeError(
    ...<2 lines>...
    )
TypeError: 'Meta.fields' must not contain non-model field names: is_refunded
[28/Sep/2026 13:51:06] "GET /api/admin-api/orders/?page=1&page_size=25&status=processing HTTP/1.1" 500 144712
Internal Server Error: /api/admin-api/orders/
Traceback (most recent call last):
  File "C:\Users\user\Downloads\timeline-global-systems\backend\venv\Lib\site-packages\django\core\handlers\exception.py", line 55, in inner
    response = get_response(request)
  File "C:\Users\user\Downloads\timeline-global-systems\backend\venv\Lib\site-packages\django\core\handlers\base.py", line 197, in _get_response
    response = wrapped_callback(request, *callback_args, **callback_kwargs)
  File "C:\Users\user\Downloads\timeline-global-systems\backend\venv\Lib\site-packages\django\views\decorators\csrf.py", line 65, in _view_wrapper
    return view_func(request, *args, **kwargs)
  File "C:\Users\user\Downloads\timeline-global-systems\backend\venv\Lib\site-packages\rest_framework\viewsets.py", line 125, in view
    return self.dispatch(request, *args, **kwargs)
           ~~~~~~~~~~~~~^^^^^^^^^^^^^^^^^^^^^^^^^^
  File "C:\Users\user\Downloads\timeline-global-systems\backend\venv\Lib\site-packages\rest_framework\views.py", line 515, in dispatch
    response = self.handle_exception(exc)
  File "C:\Users\user\Downloads\timeline-global-systems\backend\venv\Lib\site-packages\rest_framework\views.py", line 475, in handle_exception
    self.raise_uncaught_exception(exc)
    ~~~~~~~~~~~~~~~~~~~~~~~~~~~~~^^^^^
  File "C:\Users\user\Downloads\timeline-global-systems\backend\venv\Lib\site-packages\rest_framework\views.py", line 486, in raise_uncaught_exception
    raise exc
  File "C:\Users\user\Downloads\timeline-global-systems\backend\venv\Lib\site-packages\rest_framework\views.py", line 512, in dispatch
    response = handler(request, *args, **kwargs)
  File "C:\Users\user\Downloads\timeline-global-systems\backend\venv\Lib\site-packages\rest_framework\mixins.py", line 38, in list
    queryset = self.filter_queryset(self.get_queryset())
  File "C:\Users\user\Downloads\timeline-global-systems\backend\venv\Lib\site-packages\rest_framework\generics.py", line 154, in filter_queryset
    queryset = backend().filter_queryset(self.request, queryset, self)
  File "C:\Users\user\Downloads\timeline-global-systems\backend\venv\Lib\site-packages\django_filters\rest_framework\backends.py", line 66, in filter_queryset
    filterset = self.get_filterset(request, queryset, view)
  File "C:\Users\user\Downloads\timeline-global-systems\backend\venv\Lib\site-packages\django_filters\rest_framework\backends.py", line 18, in get_filterset
    filterset_class = self.get_filterset_class(view, queryset)
  File "C:\Users\user\Downloads\timeline-global-systems\backend\venv\Lib\site-packages\django_filters\rest_framework\backends.py", line 49, in get_filterset_class
    class AutoFilterSet(self.filterset_base):
    ...<2 lines>...
            fields = filterset_fields
  File "C:\Users\user\Downloads\timeline-global-systems\backend\venv\Lib\site-packages\django_filters\filterset.py", line 82, in __new__
    new_class.base_filters = new_class.get_filters()
                             ~~~~~~~~~~~~~~~~~~~~~^^
  File "C:\Users\user\Downloads\timeline-global-systems\backend\venv\Lib\site-packages\django_filters\filterset.py", line 371, in get_filters
    raise TypeError(
    ...<2 lines>...
    )
TypeError: 'Meta.fields' must not contain non-model field names: is_refunded
Internal Server Error: /api/admin-api/orders/
Traceback (most recent call last):
  File "C:\Users\user\Downloads\timeline-global-systems\backend\venv\Lib\site-packages\django\core\handlers\exception.py", line 55, in inner
    response = get_response(request)
  File "C:\Users\user\Downloads\timeline-global-systems\backend\venv\Lib\site-packages\django\core\handlers\base.py", line 197, in _get_response
    response = wrapped_callback(request, *callback_args, **callback_kwargs)
  File "C:\Users\user\Downloads\timeline-global-systems\backend\venv\Lib\site-packages\django\views\decorators\csrf.py", line 65, in _view_wrapper
    return view_func(request, *args, **kwargs)
  File "C:\Users\user\Downloads\timeline-global-systems\backend\venv\Lib\site-packages\rest_framework\viewsets.py", line 125, in view
    return self.dispatch(request, *args, **kwargs)
           ~~~~~~~~~~~~~^^^^^^^^^^^^^^^^^^^^^^^^^^
  File "C:\Users\user\Downloads\timeline-global-systems\backend\venv\Lib\site-packages\rest_framework\views.py", line 515, in dispatch
    response = self.handle_exception(exc)
  File "C:\Users\user\Downloads\timeline-global-systems\backend\venv\Lib\site-packages\rest_framework\views.py", line 475, in handle_exception
    self.raise_uncaught_exception(exc)
    ~~~~~~~~~~~~~~~~~~~~~~~~~~~~~^^^^^
  File "C:\Users\user\Downloads\timeline-global-systems\backend\venv\Lib\site-packages\rest_framework\views.py", line 486, in raise_uncaught_exception
    raise exc
  File "C:\Users\user\Downloads\timeline-global-systems\backend\venv\Lib\site-packages\rest_framework\views.py", line 512, in dispatch
    response = handler(request, *args, **kwargs)
  File "C:\Users\user\Downloads\timeline-global-systems\backend\venv\Lib\site-packages\rest_framework\mixins.py", line 38, in list
    queryset = self.filter_queryset(self.get_queryset())
  File "C:\Users\user\Downloads\timeline-global-systems\backend\venv\Lib\site-packages\rest_framework\generics.py", line 154, in filter_queryset
    queryset = backend().filter_queryset(self.request, queryset, self)
  File "C:\Users\user\Downloads\timeline-global-systems\backend\venv\Lib\site-packages\django_filters\rest_framework\backends.py", line 66, in filter_queryset
    filterset = self.get_filterset(request, queryset, view)
  File "C:\Users\user\Downloads\timeline-global-systems\backend\venv\Lib\site-packages\django_filters\rest_framework\backends.py", line 18, in get_filterset
    filterset_class = self.get_filterset_class(view, queryset)
  File "C:\Users\user\Downloads\timeline-global-systems\backend\venv\Lib\site-packages\django_filters\rest_framework\backends.py", line 49, in get_filterset_class
    class AutoFilterSet(self.filterset_base):
    ...<2 lines>...
            fields = filterset_fields
  File "C:\Users\user\Downloads\timeline-global-systems\backend\venv\Lib\site-packages\django_filters\filterset.py", line 82, in __new__
    new_class.base_filters = new_class.get_filters()
                             ~~~~~~~~~~~~~~~~~~~~~^^
  File "C:\Users\user\Downloads\timeline-global-systems\backend\venv\Lib\site-packages\django_filters\filterset.py", line 371, in get_filters
    raise TypeError(
    ...<2 lines>...
    )
TypeError: 'Meta.fields' must not contain non-model field names: is_refunded
[28/Sep/2026 13:51:14] "GET /api/admin-api/orders/?page=1&page_size=25&status=processing HTTP/1.1" 500 144712
[28/Sep/2026 13:52:19] "GET /api/store-info/ HTTP/1.1" 200 1328
[28/Sep/2026 13:52:22] "GET /api/categories/?root=true HTTP/1.1" 200 1681
[28/Sep/2026 13:52:23] "GET /api/cart/ HTTP/1.1" 200 164
[28/Sep/2026 13:52:29] "OPTIONS /api/admin-api/reviews/?is_approved=false&page=1&page_size=20 HTTP/1.1" 200 0
[28/Sep/2026 13:52:31] "GET /api/admin-api/reviews/?is_approved=false&page=1&page_size=20 HTTP/1.1" 200 100
[28/Sep/2026 13:52:48] "POST /api/auth/login/ HTTP/1.1" 200 741
[28/Sep/2026 13:52:48] "OPTIONS /api/wishlist/ HTTP/1.1" 200 0
[28/Sep/2026 13:52:48] "OPTIONS /api/cart/merge/ HTTP/1.1" 200 0
[28/Sep/2026 13:52:48] "OPTIONS /api/admin-api/stats/ HTTP/1.1" 200 0
[28/Sep/2026 13:52:50] "GET /api/wishlist/ HTTP/1.1" 200 39
[28/Sep/2026 13:52:51] "GET /api/cart/ HTTP/1.1" 200 164
[28/Sep/2026 13:52:53] "POST /api/cart/merge/ HTTP/1.1" 200 164
[28/Sep/2026 13:52:54] "GET /api/admin-api/stats/ HTTP/1.1" 200 1542
[28/Sep/2026 13:52:54] "GET /api/cart/ HTTP/1.1" 200 164
[28/Sep/2026 13:53:08] "OPTIONS /api/users/profile/ HTTP/1.1" 200 0
[28/Sep/2026 13:53:08] "OPTIONS /api/users/profile/ HTTP/1.1" 200 0
[28/Sep/2026 13:53:10] "GET /api/users/profile/ HTTP/1.1" 200 244
[28/Sep/2026 13:53:10] "OPTIONS /api/admin-api/orders/?page=1&page_size=25 HTTP/1.1" 200 0
[28/Sep/2026 13:53:12] "GET /api/users/profile/ HTTP/1.1" 200 244
[28/Sep/2026 13:53:12] "GET /api/wishlist/ HTTP/1.1" 200 39
[28/Sep/2026 13:53:14] "GET /api/cart/ HTTP/1.1" 200 164
Internal Server Error: /api/admin-api/orders/
Traceback (most recent call last):
  File "C:\Users\user\Downloads\timeline-global-systems\backend\venv\Lib\site-packages\django\core\handlers\exception.py", line 55, in inner
    response = get_response(request)
  File "C:\Users\user\Downloads\timeline-global-systems\backend\venv\Lib\site-packages\django\core\handlers\base.py", line 197, in _get_response
    response = wrapped_callback(request, *callback_args, **callback_kwargs)
  File "C:\Users\user\Downloads\timeline-global-systems\backend\venv\Lib\site-packages\django\views\decorators\csrf.py", line 65, in _view_wrapper
    return view_func(request, *args, **kwargs)
  File "C:\Users\user\Downloads\timeline-global-systems\backend\venv\Lib\site-packages\rest_framework\viewsets.py", line 125, in view
    return self.dispatch(request, *args, **kwargs)
           ~~~~~~~~~~~~~^^^^^^^^^^^^^^^^^^^^^^^^^^
  File "C:\Users\user\Downloads\timeline-global-systems\backend\venv\Lib\site-packages\rest_framework\views.py", line 515, in dispatch
    response = self.handle_exception(exc)
  File "C:\Users\user\Downloads\timeline-global-systems\backend\venv\Lib\site-packages\rest_framework\views.py", line 475, in handle_exception
    self.raise_uncaught_exception(exc)
    ~~~~~~~~~~~~~~~~~~~~~~~~~~~~~^^^^^
  File "C:\Users\user\Downloads\timeline-global-systems\backend\venv\Lib\site-packages\rest_framework\views.py", line 486, in raise_uncaught_exception
    raise exc
  File "C:\Users\user\Downloads\timeline-global-systems\backend\venv\Lib\site-packages\rest_framework\views.py", line 512, in dispatch
    response = handler(request, *args, **kwargs)
  File "C:\Users\user\Downloads\timeline-global-systems\backend\venv\Lib\site-packages\rest_framework\mixins.py", line 38, in list
    queryset = self.filter_queryset(self.get_queryset())
  File "C:\Users\user\Downloads\timeline-global-systems\backend\venv\Lib\site-packages\rest_framework\generics.py", line 154, in filter_queryset
    queryset = backend().filter_queryset(self.request, queryset, self)
  File "C:\Users\user\Downloads\timeline-global-systems\backend\venv\Lib\site-packages\django_filters\rest_framework\backends.py", line 66, in filter_queryset
    filterset = self.get_filterset(request, queryset, view)
  File "C:\Users\user\Downloads\timeline-global-systems\backend\venv\Lib\site-packages\django_filters\rest_framework\backends.py", line 18, in get_filterset
    filterset_class = self.get_filterset_class(view, queryset)
  File "C:\Users\user\Downloads\timeline-global-systems\backend\venv\Lib\site-packages\django_filters\rest_framework\backends.py", line 49, in get_filterset_class
    class AutoFilterSet(self.filterset_base):
    ...<2 lines>...
            fields = filterset_fields
  File "C:\Users\user\Downloads\timeline-global-systems\backend\venv\Lib\site-packages\django_filters\filterset.py", line 82, in __new__
    new_class.base_filters = new_class.get_filters()
                             ~~~~~~~~~~~~~~~~~~~~~^^
  File "C:\Users\user\Downloads\timeline-global-systems\backend\venv\Lib\site-packages\django_filters\filterset.py", line 371, in get_filters
    raise TypeError(
    ...<2 lines>...
    )
TypeError: 'Meta.fields' must not contain non-model field names: is_refunded
Internal Server Error: /api/admin-api/orders/
Traceback (most recent call last):
  File "C:\Users\user\Downloads\timeline-global-systems\backend\venv\Lib\site-packages\django\core\handlers\exception.py", line 55, in inner
    response = get_response(request)
  File "C:\Users\user\Downloads\timeline-global-systems\backend\venv\Lib\site-packages\django\core\handlers\base.py", line 197, in _get_response
    response = wrapped_callback(request, *callback_args, **callback_kwargs)
  File "C:\Users\user\Downloads\timeline-global-systems\backend\venv\Lib\site-packages\django\views\decorators\csrf.py", line 65, in _view_wrapper
    return view_func(request, *args, **kwargs)
  File "C:\Users\user\Downloads\timeline-global-systems\backend\venv\Lib\site-packages\rest_framework\viewsets.py", line 125, in view
    return self.dispatch(request, *args, **kwargs)
           ~~~~~~~~~~~~~^^^^^^^^^^^^^^^^^^^^^^^^^^
  File "C:\Users\user\Downloads\timeline-global-systems\backend\venv\Lib\site-packages\rest_framework\views.py", line 515, in dispatch
    response = self.handle_exception(exc)
  File "C:\Users\user\Downloads\timeline-global-systems\backend\venv\Lib\site-packages\rest_framework\views.py", line 475, in handle_exception
    self.raise_uncaught_exception(exc)
    ~~~~~~~~~~~~~~~~~~~~~~~~~~~~~^^^^^
  File "C:\Users\user\Downloads\timeline-global-systems\backend\venv\Lib\site-packages\rest_framework\views.py", line 486, in raise_uncaught_exception
    raise exc
  File "C:\Users\user\Downloads\timeline-global-systems\backend\venv\Lib\site-packages\rest_framework\views.py", line 512, in dispatch
    response = handler(request, *args, **kwargs)
  File "C:\Users\user\Downloads\timeline-global-systems\backend\venv\Lib\site-packages\rest_framework\mixins.py", line 38, in list
    queryset = self.filter_queryset(self.get_queryset())
  File "C:\Users\user\Downloads\timeline-global-systems\backend\venv\Lib\site-packages\rest_framework\generics.py", line 154, in filter_queryset
    queryset = backend().filter_queryset(self.request, queryset, self)
  File "C:\Users\user\Downloads\timeline-global-systems\backend\venv\Lib\site-packages\django_filters\rest_framework\backends.py", line 66, in filter_queryset
    filterset = self.get_filterset(request, queryset, view)
  File "C:\Users\user\Downloads\timeline-global-systems\backend\venv\Lib\site-packages\django_filters\rest_framework\backends.py", line 18, in get_filterset
    filterset_class = self.get_filterset_class(view, queryset)
  File "C:\Users\user\Downloads\timeline-global-systems\backend\venv\Lib\site-packages\django_filters\rest_framework\backends.py", line 49, in get_filterset_class
    class AutoFilterSet(self.filterset_base):
    ...<2 lines>...
            fields = filterset_fields
  File "C:\Users\user\Downloads\timeline-global-systems\backend\venv\Lib\site-packages\django_filters\filterset.py", line 82, in __new__
    new_class.base_filters = new_class.get_filters()
                             ~~~~~~~~~~~~~~~~~~~~~^^
  File "C:\Users\user\Downloads\timeline-global-systems\backend\venv\Lib\site-packages\django_filters\filterset.py", line 371, in get_filters
    raise TypeError(
    ...<2 lines>...
    )
TypeError: 'Meta.fields' must not contain non-model field names: is_refunded
[28/Sep/2026 13:53:15] "GET /api/admin-api/orders/?page=1&page_size=25 HTTP/1.1" 500 144223
Internal Server Error: /api/admin-api/orders/
Traceback (most recent call last):
  File "C:\Users\user\Downloads\timeline-global-systems\backend\venv\Lib\site-packages\django\core\handlers\exception.py", line 55, in inner
    response = get_response(request)
  File "C:\Users\user\Downloads\timeline-global-systems\backend\venv\Lib\site-packages\django\core\handlers\base.py", line 197, in _get_response
    response = wrapped_callback(request, *callback_args, **callback_kwargs)
  File "C:\Users\user\Downloads\timeline-global-systems\backend\venv\Lib\site-packages\django\views\decorators\csrf.py", line 65, in _view_wrapper
    return view_func(request, *args, **kwargs)
  File "C:\Users\user\Downloads\timeline-global-systems\backend\venv\Lib\site-packages\rest_framework\viewsets.py", line 125, in view
    return self.dispatch(request, *args, **kwargs)
           ~~~~~~~~~~~~~^^^^^^^^^^^^^^^^^^^^^^^^^^
  File "C:\Users\user\Downloads\timeline-global-systems\backend\venv\Lib\site-packages\rest_framework\views.py", line 515, in dispatch
    response = self.handle_exception(exc)
  File "C:\Users\user\Downloads\timeline-global-systems\backend\venv\Lib\site-packages\rest_framework\views.py", line 475, in handle_exception
    self.raise_uncaught_exception(exc)
    ~~~~~~~~~~~~~~~~~~~~~~~~~~~~~^^^^^
  File "C:\Users\user\Downloads\timeline-global-systems\backend\venv\Lib\site-packages\rest_framework\views.py", line 486, in raise_uncaught_exception
    raise exc
  File "C:\Users\user\Downloads\timeline-global-systems\backend\venv\Lib\site-packages\rest_framework\views.py", line 512, in dispatch
    response = handler(request, *args, **kwargs)
  File "C:\Users\user\Downloads\timeline-global-systems\backend\venv\Lib\site-packages\rest_framework\mixins.py", line 38, in list
    queryset = self.filter_queryset(self.get_queryset())
  File "C:\Users\user\Downloads\timeline-global-systems\backend\venv\Lib\site-packages\rest_framework\generics.py", line 154, in filter_queryset
    queryset = backend().filter_queryset(self.request, queryset, self)
  File "C:\Users\user\Downloads\timeline-global-systems\backend\venv\Lib\site-packages\django_filters\rest_framework\backends.py", line 66, in filter_queryset
    filterset = self.get_filterset(request, queryset, view)
  File "C:\Users\user\Downloads\timeline-global-systems\backend\venv\Lib\site-packages\django_filters\rest_framework\backends.py", line 18, in get_filterset
    filterset_class = self.get_filterset_class(view, queryset)
  File "C:\Users\user\Downloads\timeline-global-systems\backend\venv\Lib\site-packages\django_filters\rest_framework\backends.py", line 49, in get_filterset_class
    class AutoFilterSet(self.filterset_base):
    ...<2 lines>...
            fields = filterset_fields
  File "C:\Users\user\Downloads\timeline-global-systems\backend\venv\Lib\site-packages\django_filters\filterset.py", line 82, in __new__
    new_class.base_filters = new_class.get_filters()
                             ~~~~~~~~~~~~~~~~~~~~~^^
  File "C:\Users\user\Downloads\timeline-global-systems\backend\venv\Lib\site-packages\django_filters\filterset.py", line 371, in get_filters
    raise TypeError(
    ...<2 lines>...
    )
TypeError: 'Meta.fields' must not contain non-model field names: is_refunded
Internal Server Error: /api/admin-api/orders/
Traceback (most recent call last):
  File "C:\Users\user\Downloads\timeline-global-systems\backend\venv\Lib\site-packages\django\core\handlers\exception.py", line 55, in inner
    response = get_response(request)
  File "C:\Users\user\Downloads\timeline-global-systems\backend\venv\Lib\site-packages\django\core\handlers\base.py", line 197, in _get_response
    response = wrapped_callback(request, *callback_args, **callback_kwargs)
  File "C:\Users\user\Downloads\timeline-global-systems\backend\venv\Lib\site-packages\django\views\decorators\csrf.py", line 65, in _view_wrapper
    return view_func(request, *args, **kwargs)
  File "C:\Users\user\Downloads\timeline-global-systems\backend\venv\Lib\site-packages\rest_framework\viewsets.py", line 125, in view
    return self.dispatch(request, *args, **kwargs)
           ~~~~~~~~~~~~~^^^^^^^^^^^^^^^^^^^^^^^^^^
  File "C:\Users\user\Downloads\timeline-global-systems\backend\venv\Lib\site-packages\rest_framework\views.py", line 515, in dispatch
    response = self.handle_exception(exc)
  File "C:\Users\user\Downloads\timeline-global-systems\backend\venv\Lib\site-packages\rest_framework\views.py", line 475, in handle_exception
    self.raise_uncaught_exception(exc)
    ~~~~~~~~~~~~~~~~~~~~~~~~~~~~~^^^^^
  File "C:\Users\user\Downloads\timeline-global-systems\backend\venv\Lib\site-packages\rest_framework\views.py", line 486, in raise_uncaught_exception
    raise exc
  File "C:\Users\user\Downloads\timeline-global-systems\backend\venv\Lib\site-packages\rest_framework\views.py", line 512, in dispatch
    response = handler(request, *args, **kwargs)
  File "C:\Users\user\Downloads\timeline-global-systems\backend\venv\Lib\site-packages\rest_framework\mixins.py", line 38, in list
    queryset = self.filter_queryset(self.get_queryset())
  File "C:\Users\user\Downloads\timeline-global-systems\backend\venv\Lib\site-packages\rest_framework\generics.py", line 154, in filter_queryset
    queryset = backend().filter_queryset(self.request, queryset, self)
  File "C:\Users\user\Downloads\timeline-global-systems\backend\venv\Lib\site-packages\django_filters\rest_framework\backends.py", line 66, in filter_queryset
    filterset = self.get_filterset(request, queryset, view)
  File "C:\Users\user\Downloads\timeline-global-systems\backend\venv\Lib\site-packages\django_filters\rest_framework\backends.py", line 18, in get_filterset
    filterset_class = self.get_filterset_class(view, queryset)
  File "C:\Users\user\Downloads\timeline-global-systems\backend\venv\Lib\site-packages\django_filters\rest_framework\backends.py", line 49, in get_filterset_class
    class AutoFilterSet(self.filterset_base):
    ...<2 lines>...
            fields = filterset_fields
  File "C:\Users\user\Downloads\timeline-global-systems\backend\venv\Lib\site-packages\django_filters\filterset.py", line 82, in __new__
    new_class.base_filters = new_class.get_filters()
                             ~~~~~~~~~~~~~~~~~~~~~^^
  File "C:\Users\user\Downloads\timeline-global-systems\backend\venv\Lib\site-packages\django_filters\filterset.py", line 371, in get_filters
    raise TypeError(
    ...<2 lines>...
    )
TypeError: 'Meta.fields' must not contain non-model field names: is_refunded
[28/Sep/2026 13:53:23] "GET /api/admin-api/orders/?page=1&page_size=25 HTTP/1.1" 500 144223
Internal Server Error: /api/admin-api/orders/
Traceback (most recent call last):
  File "C:\Users\user\Downloads\timeline-global-systems\backend\venv\Lib\site-packages\django\core\handlers\exception.py", line 55, in inner
    response = get_response(request)
  File "C:\Users\user\Downloads\timeline-global-systems\backend\venv\Lib\site-packages\django\core\handlers\base.py", line 197, in _get_response
    response = wrapped_callback(request, *callback_args, **callback_kwargs)
  File "C:\Users\user\Downloads\timeline-global-systems\backend\venv\Lib\site-packages\django\views\decorators\csrf.py", line 65, in _view_wrapper
    return view_func(request, *args, **kwargs)
  File "C:\Users\user\Downloads\timeline-global-systems\backend\venv\Lib\site-packages\rest_framework\viewsets.py", line 125, in view
    return self.dispatch(request, *args, **kwargs)
           ~~~~~~~~~~~~~^^^^^^^^^^^^^^^^^^^^^^^^^^
  File "C:\Users\user\Downloads\timeline-global-systems\backend\venv\Lib\site-packages\rest_framework\views.py", line 515, in dispatch
    response = self.handle_exception(exc)
  File "C:\Users\user\Downloads\timeline-global-systems\backend\venv\Lib\site-packages\rest_framework\views.py", line 475, in handle_exception
    self.raise_uncaught_exception(exc)
    ~~~~~~~~~~~~~~~~~~~~~~~~~~~~~^^^^^
  File "C:\Users\user\Downloads\timeline-global-systems\backend\venv\Lib\site-packages\rest_framework\views.py", line 486, in raise_uncaught_exception
    raise exc
  File "C:\Users\user\Downloads\timeline-global-systems\backend\venv\Lib\site-packages\rest_framework\views.py", line 512, in dispatch
    response = handler(request, *args, **kwargs)
  File "C:\Users\user\Downloads\timeline-global-systems\backend\venv\Lib\site-packages\rest_framework\mixins.py", line 38, in list
    queryset = self.filter_queryset(self.get_queryset())
  File "C:\Users\user\Downloads\timeline-global-systems\backend\venv\Lib\site-packages\rest_framework\generics.py", line 154, in filter_queryset
    queryset = backend().filter_queryset(self.request, queryset, self)
  File "C:\Users\user\Downloads\timeline-global-systems\backend\venv\Lib\site-packages\django_filters\rest_framework\backends.py", line 66, in filter_queryset
    filterset = self.get_filterset(request, queryset, view)
  File "C:\Users\user\Downloads\timeline-global-systems\backend\venv\Lib\site-packages\django_filters\rest_framework\backends.py", line 18, in get_filterset
    filterset_class = self.get_filterset_class(view, queryset)
  File "C:\Users\user\Downloads\timeline-global-systems\backend\venv\Lib\site-packages\django_filters\rest_framework\backends.py", line 49, in get_filterset_class
    class AutoFilterSet(self.filterset_base):
    ...<2 lines>...
            fields = filterset_fields
  File "C:\Users\user\Downloads\timeline-global-systems\backend\venv\Lib\site-packages\django_filters\filterset.py", line 82, in __new__
    new_class.base_filters = new_class.get_filters()
                             ~~~~~~~~~~~~~~~~~~~~~^^
  File "C:\Users\user\Downloads\timeline-global-systems\backend\venv\Lib\site-packages\django_filters\filterset.py", line 371, in get_filters
    raise TypeError(
    ...<2 lines>...
    )
TypeError: 'Meta.fields' must not contain non-model field names: is_refunded
Internal Server Error: /api/admin-api/orders/
Traceback (most recent call last):
  File "C:\Users\user\Downloads\timeline-global-systems\backend\venv\Lib\site-packages\django\core\handlers\exception.py", line 55, in inner
    response = get_response(request)
  File "C:\Users\user\Downloads\timeline-global-systems\backend\venv\Lib\site-packages\django\core\handlers\base.py", line 197, in _get_response
    response = wrapped_callback(request, *callback_args, **callback_kwargs)
  File "C:\Users\user\Downloads\timeline-global-systems\backend\venv\Lib\site-packages\django\views\decorators\csrf.py", line 65, in _view_wrapper
    return view_func(request, *args, **kwargs)
  File "C:\Users\user\Downloads\timeline-global-systems\backend\venv\Lib\site-packages\rest_framework\viewsets.py", line 125, in view
    return self.dispatch(request, *args, **kwargs)
           ~~~~~~~~~~~~~^^^^^^^^^^^^^^^^^^^^^^^^^^
  File "C:\Users\user\Downloads\timeline-global-systems\backend\venv\Lib\site-packages\rest_framework\views.py", line 515, in dispatch
    response = self.handle_exception(exc)
  File "C:\Users\user\Downloads\timeline-global-systems\backend\venv\Lib\site-packages\rest_framework\views.py", line 475, in handle_exception
    self.raise_uncaught_exception(exc)
    ~~~~~~~~~~~~~~~~~~~~~~~~~~~~~^^^^^
  File "C:\Users\user\Downloads\timeline-global-systems\backend\venv\Lib\site-packages\rest_framework\views.py", line 486, in raise_uncaught_exception
    raise exc
  File "C:\Users\user\Downloads\timeline-global-systems\backend\venv\Lib\site-packages\rest_framework\views.py", line 512, in dispatch
    response = handler(request, *args, **kwargs)
  File "C:\Users\user\Downloads\timeline-global-systems\backend\venv\Lib\site-packages\rest_framework\mixins.py", line 38, in list
    queryset = self.filter_queryset(self.get_queryset())
  File "C:\Users\user\Downloads\timeline-global-systems\backend\venv\Lib\site-packages\rest_framework\generics.py", line 154, in filter_queryset
    queryset = backend().filter_queryset(self.request, queryset, self)
  File "C:\Users\user\Downloads\timeline-global-systems\backend\venv\Lib\site-packages\django_filters\rest_framework\backends.py", line 66, in filter_queryset
    filterset = self.get_filterset(request, queryset, view)
  File "C:\Users\user\Downloads\timeline-global-systems\backend\venv\Lib\site-packages\django_filters\rest_framework\backends.py", line 18, in get_filterset
    filterset_class = self.get_filterset_class(view, queryset)
  File "C:\Users\user\Downloads\timeline-global-systems\backend\venv\Lib\site-packages\django_filters\rest_framework\backends.py", line 49, in get_filterset_class
    class AutoFilterSet(self.filterset_base):
    ...<2 lines>...
            fields = filterset_fields
  File "C:\Users\user\Downloads\timeline-global-systems\backend\venv\Lib\site-packages\django_filters\filterset.py", line 82, in __new__
    new_class.base_filters = new_class.get_filters()
                             ~~~~~~~~~~~~~~~~~~~~~^^
  File "C:\Users\user\Downloads\timeline-global-systems\backend\venv\Lib\site-packages\django_filters\filterset.py", line 371, in get_filters
    raise TypeError(
    ...<2 lines>...
    )
TypeError: 'Meta.fields' must not contain non-model field names: is_refunded
[28/Sep/2026 13:53:33] "GET /api/admin-api/orders/?page=1&page_size=25 HTTP/1.1" 500 144223
[28/Sep/2026 14:02:25] "GET /api/store-info/ HTTP/1.1" 200 1328
[28/Sep/2026 14:02:26] "GET /api/categories/?root=true HTTP/1.1" 200 1681
[28/Sep/2026 14:02:27] "GET /api/products/?ordering=-created_at&page=1&page_size=24 HTTP/1.1" 200 651
[28/Sep/2026 14:02:33] "OPTIONS /api/products/?page_size=12 HTTP/1.1" 200 0
[28/Sep/2026 14:02:33] "OPTIONS /api/products/facets/ HTTP/1.1" 200 0
[28/Sep/2026 14:02:35] "GET /api/products/?page_size=12 HTTP/1.1" 200 651
[28/Sep/2026 14:02:37] "GET /api/products/facets/ HTTP/1.1" 200 805
[28/Sep/2026 14:02:43] "POST /api/auth/logout/ HTTP/1.1" 200 38
[28/Sep/2026 14:02:45] "GET /api/cart/ HTTP/1.1" 200 164
[28/Sep/2026 14:02:49] "GET /api/products/?featured=true&page_size=12 HTTP/1.1" 200 100
[28/Sep/2026 14:02:49] "GET /api/categories/?featured=true HTTP/1.1" 200 347
[28/Sep/2026 14:02:49] "GET /api/products/?featured=true&page_size=3&ordering=-effective_price HTTP/1.1" 200 99
[28/Sep/2026 14:02:49] "GET /api/products/?on_sale=true&in_stock=true&min_discount=8&page_size=12&ordering=-review_count HTTP/1.1" 200 100
[28/Sep/2026 14:03:18] "GET /api/health/ HTTP/1.1" 200 15
[28/Sep/2026 14:05:17] "GET /api/store-info/ HTTP/1.1" 200 1328
[28/Sep/2026 14:05:24] "GET /api/categories/?root=true HTTP/1.1" 200 1681
[28/Sep/2026 14:05:29] "GET /api/cart/ HTTP/1.1" 200 164
[28/Sep/2026 14:06:12] "OPTIONS /api/auth/register/ HTTP/1.1" 200 0
[28/Sep/2026 14:06:16] "POST /api/auth/register/ HTTP/1.1" 201 835
[28/Sep/2026 14:06:16] "OPTIONS /api/wishlist/ HTTP/1.1" 200 0
[28/Sep/2026 14:06:16] "OPTIONS /api/cart/merge/ HTTP/1.1" 200 0
[28/Sep/2026 14:06:16] "OPTIONS /api/cart/ HTTP/1.1" 200 0
[28/Sep/2026 14:06:16] "OPTIONS /api/products/?ordering=-created_at&page=1&page_size=24 HTTP/1.1" 200 0
[28/Sep/2026 14:06:21] "GET /api/wishlist/ HTTP/1.1" 200 39
[28/Sep/2026 14:06:21] "GET /api/products/?ordering=-created_at&page=1&page_size=24 HTTP/1.1" 200 651
[28/Sep/2026 14:06:21] "GET /api/cart/ HTTP/1.1" 200 164
[28/Sep/2026 14:06:24] "POST /api/cart/merge/ HTTP/1.1" 200 164
[28/Sep/2026 14:06:30] "GET /api/cart/ HTTP/1.1" 200 164
[28/Sep/2026 14:07:11] "OPTIONS /api/categories/?root=true HTTP/1.1" 200 0
[28/Sep/2026 14:07:11] "OPTIONS /api/users/profile/ HTTP/1.1" 200 0
[28/Sep/2026 14:07:11] "OPTIONS /api/store-info/ HTTP/1.1" 200 0
[28/Sep/2026 14:07:12] "OPTIONS /api/auth/verify-email/ HTTP/1.1" 200 0
[28/Sep/2026 14:07:13] "GET /api/store-info/ HTTP/1.1" 200 1328
[28/Sep/2026 14:07:14] "GET /api/users/profile/ HTTP/1.1" 200 262
[28/Sep/2026 14:07:14] "POST /api/auth/verify-email/ HTTP/1.1" 200 50
[28/Sep/2026 14:07:14] "GET /api/categories/?root=true HTTP/1.1" 200 1681
[28/Sep/2026 14:07:15] "GET /api/users/profile/ HTTP/1.1" 200 261
[28/Sep/2026 14:07:18] "GET /api/wishlist/ HTTP/1.1" 200 39
[28/Sep/2026 14:07:18] "GET /api/cart/ HTTP/1.1" 200 164
[28/Sep/2026 14:08:32] "OPTIONS /api/users/dashboard/ HTTP/1.1" 200 0
[28/Sep/2026 14:08:34] "GET /api/users/dashboard/ HTTP/1.1" 200 114
[28/Sep/2026 14:08:50] "OPTIONS /api/auth/logout/ HTTP/1.1" 200 0
[28/Sep/2026 14:08:52] "GET /api/products/?ordering=-created_at&page=1&page_size=24 HTTP/1.1" 200 651
[28/Sep/2026 14:08:54] "POST /api/auth/logout/ HTTP/1.1" 200 38
[28/Sep/2026 14:08:58] "GET /api/cart/ HTTP/1.1" 200 164
[28/Sep/2026 14:09:58] "OPTIONS /api/auth/login/ HTTP/1.1" 200 0
[28/Sep/2026 14:10:02] "POST /api/auth/login/ HTTP/1.1" 200 760
[28/Sep/2026 14:10:04] "GET /api/wishlist/ HTTP/1.1" 200 39
[28/Sep/2026 14:10:05] "GET /api/cart/ HTTP/1.1" 200 164
[28/Sep/2026 14:10:29] "POST /api/auth/logout/ HTTP/1.1" 200 38
[28/Sep/2026 14:10:32] "GET /api/cart/ HTTP/1.1" 200 164
Unauthorized: /api/auth/login/
Unauthorized: /api/auth/login/
[28/Sep/2026 14:10:33] "POST /api/auth/login/ HTTP/1.1" 401 63
[28/Sep/2026 14:11:17] "GET /api/store-info/ HTTP/1.1" 200 1328
[28/Sep/2026 14:11:19] "GET /api/categories/?root=true HTTP/1.1" 200 1681
[28/Sep/2026 14:11:19] "GET /api/cart/ HTTP/1.1" 200 164
[28/Sep/2026 14:11:41] "OPTIONS /api/auth/password-reset/ HTTP/1.1" 200 0
[28/Sep/2026 14:11:43] "POST /api/auth/password-reset/ HTTP/1.1" 200 77
[28/Sep/2026 14:12:37] "GET /api/store-info/ HTTP/1.1" 200 1328
[28/Sep/2026 14:12:39] "GET /api/cart/ HTTP/1.1" 200 164
[28/Sep/2026 14:12:40] "GET /api/categories/?root=true HTTP/1.1" 200 1681
[28/Sep/2026 14:13:02] "OPTIONS /api/auth/password-reset/confirm/ HTTP/1.1" 200 0
[28/Sep/2026 14:13:05] "POST /api/auth/password-reset/confirm/ HTTP/1.1" 200 63
